
================================================================================
PHASE 1 - Processing: wl001.txt
================================================================================
    Generating encoding...
      ✓ Valid on first attempt

================================================================================
PHASE 1 - Processing: wl002.txt
================================================================================
    Generating encoding...
      ✓ Valid on first attempt

================================================================================
PHASE 1 - Processing: wl003.txt
================================================================================
    Generating encoding...
      ✓ Valid on first attempt

================================================================================
PHASE 1 - Processing: wl004.txt
================================================================================
    Generating encoding...
      ✓ Valid on first attempt

================================================================================
PHASE 1 - Processing: wl005.txt
================================================================================
    Generating encoding...
      ✓ Valid on first attempt

================================================================================
PHASE 1 - Processing: wl006.txt
================================================================================
    Generating encoding...
      ✓ Valid on first attempt

================================================================================
PHASE 1 - Processing: wl007.txt
================================================================================
    Generating encoding...
      ✓ Valid on first attempt

================================================================================
PHASE 1 - Processing: wl008.txt
================================================================================
    Generating encoding...
      ✓ Valid on first attempt

================================================================================
PHASE 1 - Processing: wl009.txt
================================================================================
    Generating encoding...
      ✓ Valid on first attempt

================================================================================
PHASE 1 - Processing: wl010.txt
================================================================================
    Generating encoding...
      ✓ Valid on first attempt

================================================================================
PHASE 1 - Processing: wl011.txt
================================================================================
    Generating encoding...
      ✓ Valid on first attempt

================================================================================
PHASE 1 - Processing: wl012.txt
================================================================================
    Generating encoding...
      ✓ Valid on first attempt

================================================================================
PHASE 1 - Processing: wl013.txt
================================================================================
    Generating encoding...
      ✓ Valid on first attempt

================================================================================
PHASE 1 - Processing: wl014.txt
================================================================================
    Generating encoding...
      ⚠ Attempt 1 failed:
         Error: (error "line 514 column 49: Invalid qualified identifier: unknown sort 'p'")
      🔧 Requesting repair (attempt 2)...
      ✓ Repaired successfully after 1 attempt(s)

================================================================================
PHASE 1 - Processing: wl015.txt
================================================================================
    Generating encoding...
      ⚠ Schema insufficient (Phase 1): The schema has no predicate to represent “in this state” (Texas jurisdiction) and no predicate to represent the existence of “Subsection (d)” conditions/exceptions, so the exception cannot be encoded.

================================================================================
PHASE 1 - Processing: wl016.txt
================================================================================
    Generating encoding...
      ✓ Valid on first attempt

================================================================================
PHASE 1 - Processing: wl017.txt
================================================================================
    Generating encoding...
      ✓ Valid on first attempt

================================================================================
PHASE 1 - Processing: wl018.txt
================================================================================
    Generating encoding...
      ✓ Valid on first attempt

================================================================================
PHASE 1 - Processing: wl019.txt
================================================================================
    Generating encoding...
      ✓ Valid on first attempt

================================================================================
PHASE 1 - Processing: wl020.txt
================================================================================
    Generating encoding...
      ✓ Valid on first attempt

================================================================================
PHASE 1 - Processing: wl021.txt
================================================================================
    Generating encoding...
      ✓ Valid on first attempt

================================================================================
PHASE 1 - Processing: wl022.txt
================================================================================
    Generating encoding...
      ✓ Valid on first attempt

================================================================================
PHASE 1 - Processing: wl023.txt
================================================================================
    Generating encoding...
      ✓ Valid on first attempt

================================================================================
PHASE 1 - Processing: wl024.txt
================================================================================
    Generating encoding...
      ✓ Valid on first attempt

================================================================================
PHASE 1 - Processing: wl025.txt
================================================================================
    Generating encoding...
      ✓ Valid on first attempt

================================================================================
PHASE 1 - Processing: wl026.txt
================================================================================
    Generating encoding...
      ✓ Valid on first attempt

================================================================================
PHASE 1 - Processing: wl027.txt
================================================================================
    Generating encoding...
      ✓ Valid on first attempt

================================================================================
PHASE 1 - Processing: wl028.txt
================================================================================
    Generating encoding...
      ⚠ Attempt 1 failed:
         Error: (error "line 518 column 54: unknown constant on_land (Person LandKind Int) 
declared: (declare-fun on_land (Person Land Int) Bool) ")
      🔧 Requesting repair (attempt 2)...
      ✓ Repaired successfully after 1 attempt(s)

================================================================================
PHASE 1 - Processing: wl029.txt
================================================================================
    Generating encoding...
      ✓ Valid on first attempt

================================================================================
PHASE 1 - Processing: wl030.txt
================================================================================
    Generating encoding...
      ✓ Valid on first attempt

================================================================================
PHASE 1 - Processing: wl031.txt
================================================================================
    Generating encoding...
      ✓ Valid on first attempt

================================================================================
PHASE 1 - Processing: wl032.txt
================================================================================
    Generating encoding...
      ✓ Valid on first attempt

================================================================================
PHASE 1 - Processing: wl033.txt
================================================================================
    Generating encoding...
      ✓ Valid on first attempt

================================================================================
PHASE 1 - Processing: wl034.txt
================================================================================
    Generating encoding...
      ✓ Valid on first attempt

================================================================================
PHASE 1 - Processing: wl035.txt
================================================================================
    Generating encoding...
      ✓ Valid on first attempt

================================================================================
PHASE 1 - Processing: wl036.txt
================================================================================
    Generating encoding...
      ⚠ Attempt 1 failed:
         Error: (error "line 535 column 0: invalid assert command, ')
      🔧 Requesting repair (attempt 2)...
      ✓ Repaired successfully after 1 attempt(s)

================================================================================
PHASE 1 - Processing: wl037.txt
================================================================================
    Generating encoding...
      ✓ Valid on first attempt

================================================================================
PHASE 1 - Processing: wl038.txt
================================================================================
    Generating encoding...
      ✓ Valid on first attempt

================================================================================
PHASE 1 - Processing: wl039.txt
================================================================================
    Generating encoding...
      ✓ Valid on first attempt

================================================================================
PHASE 1 - Processing: wl040.txt
================================================================================
    Generating encoding...
      ✓ Valid on first attempt

================================================================================
PHASE 1 - Processing: wl041.txt
================================================================================
    Generating encoding...
      ⚠ Attempt 1 failed:
         Error: (error "line 514 column 16: unknown constant official")
      🔧 Requesting repair (attempt 2)...
      ✓ Repaired successfully after 1 attempt(s)

================================================================================
PHASE 1 - Processing: wl042.txt
================================================================================
    Generating encoding...
      ✓ Valid on first attempt

================================================================================
PHASE 1 - Processing: wl043.txt
================================================================================
    Generating encoding...
      ✓ Valid on first attempt

================================================================================
PHASE 1 - Processing: wl044.txt
================================================================================
    Generating encoding...
      ✓ Valid on first attempt

================================================================================
PHASE 1 - Processing: wl045.txt
================================================================================
    Generating encoding...
      ✓ Valid on first attempt

================================================================================
PHASE 1 - Processing: wl046.txt
================================================================================
    Generating encoding...
      ⚠ Attempt 1 failed:
         Error: (error "line 517 column 31: unknown constant protected_by_code (Substance) 
declared: (declare-fun protected_by_code (Animal) Bool) ")
      🔧 Requesting repair (attempt 2)...
      ✓ Repaired successfully after 1 attempt(s)

================================================================================
PHASE 1 - Processing: wl047.txt
================================================================================
    Generating encoding...
      ✓ Valid on first attempt

================================================================================
PHASE 1 - Processing: wl048.txt
================================================================================
    Generating encoding...
      ✓ Valid on first attempt

================================================================================
PHASE 1 - Processing: wl049.txt
================================================================================
    Generating encoding...
      ✓ Valid on first attempt

================================================================================
PHASE 1 - Processing: wl050.txt
================================================================================
    Generating encoding...
      ⚠ Attempt 1 failed:
         Error: (error "line 528 column 57: unknown constant delivered_to_final_destination (Device Int) 
declared: (declare-fun delivered_to_final_destination (Animal Int) Bool) ")
      🔧 Requesting repair (attempt 2)...
      ⚠ Attempt 2 failed:
         Error: (error "line 530 column 53: unknown constant for_home_destination (Person WaterBody Int) 
declared: (declare-fun for_home_destination (Person Animal Int) Bool) ")
      🔧 Requesting repair (attempt 3)...
      ✓ Repaired successfully after 2 attempt(s)

================================================================================
PHASE 1 - Processing: wl051.txt
================================================================================
    Generating encoding...
      ✓ Valid on first attempt

================================================================================
PHASE 1 - Processing: wl052.txt
================================================================================
    Generating encoding...
      ✓ Valid on first attempt

================================================================================
PHASE 1 - Processing: wl053.txt
================================================================================
    Generating encoding...
      ✓ Valid on first attempt

================================================================================
PHASE 1 - Processing: wl054.txt
================================================================================
    Generating encoding...
      ✓ Valid on first attempt

================================================================================
PHASE 1 - Processing: wl055.txt
================================================================================
    Generating encoding...
      ✓ Valid on first attempt

================================================================================
PHASE 1 - Processing: wl056.txt
================================================================================
    Generating encoding...
      ✓ Valid on first attempt

================================================================================
PHASE 1 - Processing: wl057.txt
================================================================================
    Generating encoding...
      ✓ Valid on first attempt

================================================================================
PHASE 1 - Processing: wl058.txt
================================================================================
    Generating encoding...
      ✓ Valid on first attempt

================================================================================
PHASE 1 - Processing: wl059.txt
================================================================================
    Generating encoding...
      ✓ Valid on first attempt

================================================================================
PHASE 1 - Processing: wl060.txt
================================================================================
    Generating encoding...
      ✓ Valid on first attempt

================================================================================
PHASE 1 - Processing: wl061.txt
================================================================================
    Generating encoding...
      ✓ Valid on first attempt

================================================================================
PHASE 1 - Processing: wl062.txt
================================================================================
    Generating encoding...
      ✓ Valid on first attempt

================================================================================
PHASE 1 - Processing: wl063.txt
================================================================================
    Generating encoding...
      ✓ Valid on first attempt

================================================================================
PHASE 1 - Processing: wl064.txt
================================================================================
    Generating encoding...
      ⚠ Attempt 1 failed:
         Error: (error "line 515 column 25: unknown constant AK_StripedBass")
      🔧 Requesting repair (attempt 2)...
      ✓ Repaired successfully after 1 attempt(s)

================================================================================
PHASE 1 - Processing: wl065.txt
================================================================================
    Generating encoding...
      ✓ Valid on first attempt

================================================================================
PHASE 1 - Processing: wl066.txt
================================================================================
    Generating encoding...
      ✓ Valid on first attempt

================================================================================
PHASE 1 - Processing: wl067.txt
================================================================================
    Generating encoding...
      ✓ Valid on first attempt

================================================================================
PHASE 1 - Processing: wl068.txt
================================================================================
    Generating encoding...
      ✓ Valid on first attempt

================================================================================
PHASE 1 - Processing: wl069.txt
================================================================================
    Generating encoding...
      ✓ Valid on first attempt

================================================================================
PHASE 1 - Processing: wl070.txt
================================================================================
    Generating encoding...
      ✓ Valid on first attempt

================================================================================
PHASE 1 - Processing: wl071.txt
================================================================================
    Generating encoding...
      ⚠ Attempt 1 failed:
         Error: (error "line 516 column 30: unknown constant AK_KingMackerel")
      🔧 Requesting repair (attempt 2)...
      ✓ Repaired successfully after 1 attempt(s)

================================================================================
PHASE 1 - Processing: wl072.txt
================================================================================
    Generating encoding...
      ⚠ Attempt 1 failed:
         Error: (error "line 521 column 30: unknown constant AK_BroadbillSwordfish")
      🔧 Requesting repair (attempt 2)...
      ✓ Repaired successfully after 1 attempt(s)

================================================================================
PHASE 1 - Processing: wl073.txt
================================================================================
    Generating encoding...
      ✓ Valid on first attempt

================================================================================
PHASE 1 - Processing: wl074.txt
================================================================================
    Generating encoding...
      ✓ Valid on first attempt

================================================================================
PHASE 1 - Processing: wl075.txt
================================================================================
    Generating encoding...
      ✓ Valid on first attempt

================================================================================
PHASE 1 - Processing: wl076.txt
================================================================================
    Generating encoding...
      ✓ Valid on first attempt

================================================================================
PHASE 1 - Processing: wl077.txt
================================================================================
    Generating encoding...
      ✓ Valid on first attempt

================================================================================
PHASE 2 - Translating: wl001.txt
================================================================================

================================================================================
PHASE 2 - Translating: wl002.txt
================================================================================

================================================================================
PHASE 2 - Translating: wl003.txt
================================================================================

================================================================================
PHASE 2 - Translating: wl004.txt
================================================================================

================================================================================
PHASE 2 - Translating: wl005.txt
================================================================================

================================================================================
PHASE 2 - Translating: wl006.txt
================================================================================

================================================================================
PHASE 2 - Translating: wl007.txt
================================================================================

================================================================================
PHASE 2 - Translating: wl008.txt
================================================================================

================================================================================
PHASE 2 - Translating: wl009.txt
================================================================================

================================================================================
PHASE 2 - Translating: wl010.txt
================================================================================

================================================================================
PHASE 2 - Translating: wl011.txt
================================================================================

================================================================================
PHASE 2 - Translating: wl012.txt
================================================================================

================================================================================
PHASE 2 - Translating: wl013.txt
================================================================================

================================================================================
PHASE 2 - Translating: wl014.txt
================================================================================

================================================================================
PHASE 2 - Translating: wl016.txt
================================================================================

================================================================================
PHASE 2 - Translating: wl017.txt
================================================================================

================================================================================
PHASE 2 - Translating: wl018.txt
================================================================================

================================================================================
PHASE 2 - Translating: wl019.txt
================================================================================

================================================================================
PHASE 2 - Translating: wl020.txt
================================================================================

================================================================================
PHASE 2 - Translating: wl021.txt
================================================================================

================================================================================
PHASE 2 - Translating: wl022.txt
================================================================================

================================================================================
PHASE 2 - Translating: wl023.txt
================================================================================

================================================================================
PHASE 2 - Translating: wl024.txt
================================================================================

================================================================================
PHASE 2 - Translating: wl025.txt
================================================================================

================================================================================
PHASE 2 - Translating: wl026.txt
================================================================================

================================================================================
PHASE 2 - Translating: wl027.txt
================================================================================

================================================================================
PHASE 2 - Translating: wl028.txt
================================================================================

================================================================================
PHASE 2 - Translating: wl029.txt
================================================================================

================================================================================
PHASE 2 - Translating: wl030.txt
================================================================================

================================================================================
PHASE 2 - Translating: wl031.txt
================================================================================

================================================================================
PHASE 2 - Translating: wl032.txt
================================================================================

================================================================================
PHASE 2 - Translating: wl033.txt
================================================================================

================================================================================
PHASE 2 - Translating: wl034.txt
================================================================================

================================================================================
PHASE 2 - Translating: wl035.txt
================================================================================

================================================================================
PHASE 2 - Translating: wl036.txt
================================================================================

================================================================================
PHASE 2 - Translating: wl037.txt
================================================================================

================================================================================
PHASE 2 - Translating: wl038.txt
================================================================================

================================================================================
PHASE 2 - Translating: wl039.txt
================================================================================

================================================================================
PHASE 2 - Translating: wl040.txt
================================================================================

================================================================================
PHASE 2 - Translating: wl041.txt
================================================================================

================================================================================
PHASE 2 - Translating: wl042.txt
================================================================================

================================================================================
PHASE 2 - Translating: wl043.txt
================================================================================

================================================================================
PHASE 2 - Translating: wl044.txt
================================================================================

================================================================================
PHASE 2 - Translating: wl045.txt
================================================================================

================================================================================
PHASE 2 - Translating: wl046.txt
================================================================================

================================================================================
PHASE 2 - Translating: wl047.txt
================================================================================

================================================================================
PHASE 2 - Translating: wl048.txt
================================================================================

================================================================================
PHASE 2 - Translating: wl049.txt
================================================================================

================================================================================
PHASE 2 - Translating: wl050.txt
================================================================================

================================================================================
PHASE 2 - Translating: wl051.txt
================================================================================

================================================================================
PHASE 2 - Translating: wl052.txt
================================================================================

================================================================================
PHASE 2 - Translating: wl053.txt
================================================================================

================================================================================
PHASE 2 - Translating: wl054.txt
================================================================================

================================================================================
PHASE 2 - Translating: wl055.txt
================================================================================

================================================================================
PHASE 2 - Translating: wl056.txt
================================================================================

================================================================================
PHASE 2 - Translating: wl057.txt
================================================================================

================================================================================
PHASE 2 - Translating: wl058.txt
================================================================================

================================================================================
PHASE 2 - Translating: wl059.txt
================================================================================

================================================================================
PHASE 2 - Translating: wl060.txt
================================================================================

================================================================================
PHASE 2 - Translating: wl061.txt
================================================================================

================================================================================
PHASE 2 - Translating: wl062.txt
================================================================================

================================================================================
PHASE 2 - Translating: wl063.txt
================================================================================

================================================================================
PHASE 2 - Translating: wl064.txt
================================================================================

================================================================================
PHASE 2 - Translating: wl065.txt
================================================================================

================================================================================
PHASE 2 - Translating: wl066.txt
================================================================================

================================================================================
PHASE 2 - Translating: wl067.txt
================================================================================

================================================================================
PHASE 2 - Translating: wl068.txt
================================================================================

================================================================================
PHASE 2 - Translating: wl069.txt
================================================================================

================================================================================
PHASE 2 - Translating: wl070.txt
================================================================================

================================================================================
PHASE 2 - Translating: wl071.txt
================================================================================

================================================================================
PHASE 2 - Translating: wl072.txt
================================================================================

================================================================================
PHASE 2 - Translating: wl073.txt
================================================================================

================================================================================
PHASE 2 - Translating: wl074.txt
================================================================================

================================================================================
PHASE 2 - Translating: wl075.txt
================================================================================

================================================================================
PHASE 2 - Translating: wl076.txt
================================================================================

================================================================================
PHASE 2 - Translating: wl077.txt
================================================================================

================================================================================
PHASE 3 - Encoding: wl001.txt
================================================================================
      ✓ Valid on first attempt

================================================================================
PHASE 3 - Encoding: wl002.txt
================================================================================
      ✓ Valid on first attempt

================================================================================
PHASE 3 - Encoding: wl003.txt
================================================================================
      ✓ Valid on first attempt

================================================================================
PHASE 3 - Encoding: wl004.txt
================================================================================
      ✓ Valid on first attempt

================================================================================
PHASE 3 - Encoding: wl005.txt
================================================================================
      ✓ Valid on first attempt

================================================================================
PHASE 3 - Encoding: wl006.txt
================================================================================
      ✓ Valid on first attempt

================================================================================
PHASE 3 - Encoding: wl007.txt
================================================================================
      ✓ Valid on first attempt

================================================================================
PHASE 3 - Encoding: wl008.txt
================================================================================
      ✓ Valid on first attempt

================================================================================
PHASE 3 - Encoding: wl009.txt
================================================================================
      ✓ Valid on first attempt

================================================================================
PHASE 3 - Encoding: wl010.txt
================================================================================
      ✓ Valid on first attempt

================================================================================
PHASE 3 - Encoding: wl011.txt
================================================================================
      ✓ Valid on first attempt

================================================================================
PHASE 3 - Encoding: wl012.txt
================================================================================
      ✓ Valid on first attempt

================================================================================
PHASE 3 - Encoding: wl013.txt
================================================================================
      ✓ Valid on first attempt

================================================================================
PHASE 3 - Encoding: wl014.txt
================================================================================
      ✓ Valid on first attempt

================================================================================
PHASE 3 - Encoding: wl016.txt
================================================================================
      ✓ Valid on first attempt

================================================================================
PHASE 3 - Encoding: wl017.txt
================================================================================
      ✓ Valid on first attempt

================================================================================
PHASE 3 - Encoding: wl018.txt
================================================================================
      ✓ Valid on first attempt

================================================================================
PHASE 3 - Encoding: wl019.txt
================================================================================
      ✓ Valid on first attempt

================================================================================
PHASE 3 - Encoding: wl020.txt
================================================================================
      ✓ Valid on first attempt

================================================================================
PHASE 3 - Encoding: wl021.txt
================================================================================
      ✓ Valid on first attempt

================================================================================
PHASE 3 - Encoding: wl022.txt
================================================================================
      ✓ Valid on first attempt

================================================================================
PHASE 3 - Encoding: wl023.txt
================================================================================
      ✓ Valid on first attempt

================================================================================
PHASE 3 - Encoding: wl024.txt
================================================================================
      ✓ Valid on first attempt

================================================================================
PHASE 3 - Encoding: wl025.txt
================================================================================
      ✓ Valid on first attempt

================================================================================
PHASE 3 - Encoding: wl026.txt
================================================================================
      ✓ Valid on first attempt

================================================================================
PHASE 3 - Encoding: wl027.txt
================================================================================
      ✓ Valid on first attempt

================================================================================
PHASE 3 - Encoding: wl028.txt
================================================================================
      ✓ Valid on first attempt

================================================================================
PHASE 3 - Encoding: wl029.txt
================================================================================
      ✓ Valid on first attempt

================================================================================
PHASE 3 - Encoding: wl030.txt
================================================================================
      ✓ Valid on first attempt

================================================================================
PHASE 3 - Encoding: wl031.txt
================================================================================
      ✓ Valid on first attempt

================================================================================
PHASE 3 - Encoding: wl032.txt
================================================================================
      ✓ Valid on first attempt

================================================================================
PHASE 3 - Encoding: wl033.txt
================================================================================
      ✓ Valid on first attempt

================================================================================
PHASE 3 - Encoding: wl034.txt
================================================================================
      ✓ Valid on first attempt

================================================================================
PHASE 3 - Encoding: wl035.txt
================================================================================
      ✓ Valid on first attempt

================================================================================
PHASE 3 - Encoding: wl036.txt
================================================================================
      ✓ Valid on first attempt

================================================================================
PHASE 3 - Encoding: wl037.txt
================================================================================
      ✓ Valid on first attempt

================================================================================
PHASE 3 - Encoding: wl038.txt
================================================================================
      ✓ Valid on first attempt

================================================================================
PHASE 3 - Encoding: wl039.txt
================================================================================
      ✓ Valid on first attempt

================================================================================
PHASE 3 - Encoding: wl040.txt
================================================================================
      ✓ Valid on first attempt

================================================================================
PHASE 3 - Encoding: wl041.txt
================================================================================
      ✓ Valid on first attempt

================================================================================
PHASE 3 - Encoding: wl042.txt
================================================================================
      ✓ Valid on first attempt

================================================================================
PHASE 3 - Encoding: wl043.txt
================================================================================
      ✓ Valid on first attempt

================================================================================
PHASE 3 - Encoding: wl044.txt
================================================================================
      ✓ Valid on first attempt

================================================================================
PHASE 3 - Encoding: wl045.txt
================================================================================
      ✓ Valid on first attempt

================================================================================
PHASE 3 - Encoding: wl046.txt
================================================================================
      ✓ Valid on first attempt

================================================================================
PHASE 3 - Encoding: wl047.txt
================================================================================
      ✓ Valid on first attempt

================================================================================
PHASE 3 - Encoding: wl048.txt
================================================================================
      ✓ Valid on first attempt

================================================================================
PHASE 3 - Encoding: wl049.txt
================================================================================
      ✓ Valid on first attempt

================================================================================
PHASE 3 - Encoding: wl050.txt
================================================================================
      ✓ Valid on first attempt

================================================================================
PHASE 3 - Encoding: wl051.txt
================================================================================
      ✓ Valid on first attempt

================================================================================
PHASE 3 - Encoding: wl052.txt
================================================================================
      ✓ Valid on first attempt

================================================================================
PHASE 3 - Encoding: wl053.txt
================================================================================
      ✓ Valid on first attempt

================================================================================
PHASE 3 - Encoding: wl054.txt
================================================================================
      ✓ Valid on first attempt

================================================================================
PHASE 3 - Encoding: wl055.txt
================================================================================
      ✓ Valid on first attempt

================================================================================
PHASE 3 - Encoding: wl056.txt
================================================================================
      ✓ Valid on first attempt

================================================================================
PHASE 3 - Encoding: wl057.txt
================================================================================
      ✓ Valid on first attempt

================================================================================
PHASE 3 - Encoding: wl058.txt
================================================================================
      ✓ Valid on first attempt

================================================================================
PHASE 3 - Encoding: wl059.txt
================================================================================
      ✓ Valid on first attempt

================================================================================
PHASE 3 - Encoding: wl060.txt
================================================================================
      ✓ Valid on first attempt

================================================================================
PHASE 3 - Encoding: wl061.txt
================================================================================
      ✓ Valid on first attempt

================================================================================
PHASE 3 - Encoding: wl062.txt
================================================================================
      ✓ Valid on first attempt

================================================================================
PHASE 3 - Encoding: wl063.txt
================================================================================
      ✓ Valid on first attempt

================================================================================
PHASE 3 - Encoding: wl064.txt
================================================================================
      ✓ Valid on first attempt

================================================================================
PHASE 3 - Encoding: wl065.txt
================================================================================
      ✓ Valid on first attempt

================================================================================
PHASE 3 - Encoding: wl066.txt
================================================================================
      ✓ Valid on first attempt

================================================================================
PHASE 3 - Encoding: wl067.txt
================================================================================
      ✓ Valid on first attempt

================================================================================
PHASE 3 - Encoding: wl068.txt
================================================================================
      ✓ Valid on first attempt

================================================================================
PHASE 3 - Encoding: wl069.txt
================================================================================
      ✓ Valid on first attempt

================================================================================
PHASE 3 - Encoding: wl070.txt
================================================================================
      ✓ Valid on first attempt

================================================================================
PHASE 3 - Encoding: wl071.txt
================================================================================
      ✓ Valid on first attempt

================================================================================
PHASE 3 - Encoding: wl072.txt
================================================================================
      ✓ Valid on first attempt

================================================================================
PHASE 3 - Encoding: wl073.txt
================================================================================
      ✓ Valid on first attempt

================================================================================
PHASE 3 - Encoding: wl074.txt
================================================================================
      ✓ Valid on first attempt

================================================================================
PHASE 3 - Encoding: wl075.txt
================================================================================
      ✓ Valid on first attempt

================================================================================
PHASE 3 - Encoding: wl076.txt
================================================================================
      ✓ Valid on first attempt

================================================================================
PHASE 3 - Encoding: wl077.txt
================================================================================
      ✓ Valid on first attempt
