

================================================================================
SMT EQUIVALENCE ANALYSIS - PRE-REPAIR
Timestamp: 2026-05-06 01:46:18
================================================================================
Comparing: encoding_phase1.smt2 vs encoding_phase3.smt2

UNSAT (51 rules):
  - wl002
  - wl004
  - wl005
  - wl006
  - wl007
  - wl008
  - wl009
  - wl011
  - wl014
  - wl016
  - wl017
  - wl018
  - wl023
  - wl025
  - wl026
  - wl027
  - wl028
  - wl029
  - wl030
  - wl031
  - wl032
  - wl035
  - wl036
  - wl037
  - wl038
  - wl039
  - wl040
  - wl041
  - wl042
  - wl044
  - wl045
  - wl047
  - wl048
  - wl049
  - wl051
  - wl052
  - wl053
  - wl054
  - wl057
  - wl060
  - wl061
  - wl062
  - wl063
  - wl066
  - wl069
  - wl070
  - wl071
  - wl073
  - wl075
  - wl076
  - wl077

SAT (25 rules):
  - wl001
  - wl003
  - wl010
  - wl012
  - wl013
  - wl019
  - wl020
  - wl021
  - wl022
  - wl024
  - wl033
  - wl034
  - wl043
  - wl046
  - wl050
  - wl055
  - wl056
  - wl058
  - wl059
  - wl064
  - wl065
  - wl067
  - wl068
  - wl072
  - wl074

SKIPPED (1 rules):
  - wl015

--------------------------------------------------------------------------------
SUMMARY:
  UNSAT (equivalent): 51
  SAT (different):    25
  UNKNOWN:            0
  ERROR:              0
  SKIPPED:            1
  Total:              77
================================================================================
